<html>
<body>
<pre>
<h1>µVision Build Log</h1>
<h2>Tool Versions:</h2>
IDE-Version: µVision V5.31.0.0
Copyright (C) 2020 ARM Ltd and ARM Germany GmbH. All rights reserved.
License Information: tue tue, tue, LIC=NQQMA-1F3AQ-Z93G9-4XEPJ-58IHH-9HF8P
 
Tool Versions:
Toolchain:       MDK-ARM Plus  Version: 5.31.0.0
Toolchain Path:  C:\Keil_v5\ARM\ARMCLANG\Bin
C Compiler:      ArmClang.exe V6.14
Assembler:       Armasm.exe V6.14
Linker/Locator:  ArmLink.exe V6.14
Library Manager: ArmAr.exe V6.14
Hex Converter:   FromElf.exe V6.14
CPU DLL:         
Dialog DLL:      
Target DLL:      CMSIS_AGDI_V8M.DLL V1.6.12.0
Dialog DLL:      TCM.DLL V1.46.0.0
 
<h2>Project:</h2>
E:\Bytech_Project\FM_Radionet\GD32_FirmwareLib\GD32E23x_Firmware_Library_V1.0.1-1\GD32E23x_Firmware_Library_V1.0.0\Template\Keil_project\Project.uvprojx
Project File Date:  03/26/2022

<h2>Output:</h2>
*** Using Compiler 'V6.14', folder: 'C:\Keil_v5\ARM\ARMCLANG\Bin'
Build target 'GD32E23x'
compiling main.c...
compiling gd32e23x_it.c...
compiling system_gd32e23x.c...
compiling gd32e23x_crc.c...
compiling systick.c...
compiling gd32e23x_adc.c...
compiling gd32e23x_cmp.c...
compiling gd32e23x_dbg.c...
compiling gd32e23x_exti.c...
compiling gd32e23x_dma.c...
compiling gd32e23x_gpio.c...
compiling gd32e23x_fmc.c...
compiling gd32e23x_fwdgt.c...
compiling gd32e23x_i2c.c...
compiling gd32e23x_misc.c...
compiling gd32e23x_pmu.c...
compiling gd32e23x_rtc.c...
compiling gd32e23x_rcu.c...
compiling gd32e23x_syscfg.c...
compiling gd32e23x_spi.c...
compiling gd32e23x_timer.c...
assembling startup_gd32e23x.s...
compiling gd32e23x_wwdgt.c...
compiling gd32e23x_usart.c...
compiling gd32e230c_eval.c...
linking...
Program Size: Code=7860 RO-data=388 RW-data=8 ZI-data=1032  
".\output\Project.axf" - 0 Error(s), 0 Warning(s).

<h2>Software Packages used:</h2>

Package Vendor: ARM
                http://www.keil.com/pack/ARM.CMSIS.5.8.0.pack
                ARM.CMSIS.5.8.0
                CMSIS (Common Microcontroller Software Interface Standard)
   * Component: CORE Version: 5.5.0

Package Vendor: GigaDevice
                http://gd32mcu.com/data/documents/pack/GigaDevice.GD32E23x_DFP.1.0.1.pack
                GigaDevice.GD32E23x_DFP.1.0.1
                GigaDevice GD32E23x Series Device Support and Examples

<h2>Collection of Component include folders:</h2>
  .\RTE\_GD32E23x
  C:\Users\Admin\AppData\Local\Arm\Packs\ARM\CMSIS\5.8.0\CMSIS\Core\Include
  C:\Users\Admin\AppData\Local\Arm\Packs\GigaDevice\GD32E23x_DFP\1.0.1\Device\Include

<h2>Collection of Component Files used:</h2>

   * Component: ARM::CMSIS:CORE:5.5.0
Build Time Elapsed:  00:00:03
</pre>
</body>
</html>
